// Jest Snapshot v1, https://goo.gl/fbAQLP

exports[`Example to demonstrate separate file snapshots. 1`] = `
Array [
  Object {
    "di": "Dialect for this entry",
    "glar": "Arabic Gloss",
    "glen": "English Gloss",
    "id": "Entry id",
    "in": "Interlinearization",
    "lx": "Lexeme/Word/Phrase",
    "mr": "Morphology",
    "nt": "Notes",
    "pfFriendlyName": "Image filename",
    "ph": "Phonetic (IPA)",
    "ps": "Parts of speech",
    "psab": "Parts of speech abbreviation",
    "sd1": "Semantic domain 1",
    "sfFriendlyName": "Audio filename",
    "sfbp": "Speaker birthplace",
    "sfde": "Speaker decade",
    "sfge": "Speaker gender",
    "sfsn": "Speaker name",
    "sr": "Source(s)",
    "xsar": "Example sentence in Arabic",
    "xsen": "Example sentence in English",
    "xsvn": "Example sentence in test",
  },
  Object {
    "di": "dialect x",
    "glar": "",
    "glen": "",
    "id": "12ar",
    "in": "",
    "lx": "banana",
    "mr": "",
    "nt": "This is an example of a note - here we can write whatever we want.",
    "pfFriendlyName": "12ar_platano.com",
    "ph": "banana",
    "ps": "1",
    "psab": "",
    "sd1": "",
    "sfFriendlyName": "12ar_platano.com",
    "sfbp": "",
    "sfde": "",
    "sfge": "",
    "sfpa": "https://example.com",
    "sfsn": "",
    "sr": "A book | www.mybook.com",
    "xsar": "",
    "xsen": "This is a banana",
    "xsvn": "",
  },
  Object {
    "di": "",
    "glar": "",
    "glen": "",
    "id": "34qw",
    "in": "",
    "lx": "tree",
    "mr": "",
    "nt": "",
    "pfFriendlyName": "",
    "ph": "",
    "ps": "",
    "psab": "",
    "sd1": "",
    "sfFriendlyName": "",
    "sfbp": "",
    "sfde": "",
    "sfge": "",
    "sfsn": "",
    "sr": "",
    "xsar": "",
    "xsen": "",
    "xsvn": "",
  },
]
`;
