// Jest Snapshot v1, https://goo.gl/fbAQLP

exports[`Arabic example to demonstrate separate file snapshots. 1`] = `
Array [
  Object {
    "auFriendlyName": "Audio filename",
    "aubp": "Speaker birthplace",
    "aude": "Speaker decade",
    "auge": "Speaker gender",
    "ausn": "Speaker name",
    "di": "Dialect for this entry",
    "glar": "Arabic Gloss",
    "glen": "English Gloss",
    "id": "Entry id",
    "imFriendlyName": "Image filename",
    "in": "Interlinearization",
    "lx": "Lexeme/Word/Phrase",
    "mr": "Morphology",
    "nt": "Notes",
    "ph": "Phonetic (IPA)",
    "ps": "Parts of speech",
    "psab": "Parts of speech abbreviation",
    "sr": "Source(s)",
    "xsar": "Example sentence in Arabic",
    "xsen": "Example sentence in English",
    "xsvn": "Example sentence in test",
  },
  Object {
    "auFriendlyName": "",
    "aubp": "",
    "aude": "",
    "auge": "",
    "ausn": "",
    "di": "",
    "glar": "",
    "glen": "",
    "id": "12ar",
    "imFriendlyName": "",
    "in": "",
    "lx": "banana",
    "mr": "",
    "nt": "",
    "ph": "",
    "ps": "",
    "psab": "",
    "sr": "",
    "xsar": "",
    "xsen": "",
    "xsvn": "",
  },
  Object {
    "auFriendlyName": "",
    "aubp": "",
    "aude": "",
    "auge": "",
    "ausn": "",
    "di": "",
    "glar": "",
    "glen": "",
    "id": "34qw",
    "imFriendlyName": "",
    "in": "",
    "lx": "tree",
    "mr": "",
    "nt": "",
    "ph": "",
    "ps": "",
    "psab": "",
    "sr": "",
    "xsar": "",
    "xsen": "",
    "xsvn": "",
  },
]
`;
